{
  "name": "darabonba/tests",
  "type": "library",
  "description": "Darabonba Tests",
  "github": "",
  "main": "src/Client.php",
  "authors": [],
  "license": "Apache-2.0",
  "autoload": {
    "psr-4": {
      "Darabonba\\Tests\\": "src"
    }
  },
  "scripts": {
    "fixer": "php-cs-fixer fix ./"
  },
  "config": {
    "sort-packages": true,
    "preferred-install": "dist",
    "optimize-autoloader": true
  },
  "require": {
    "php": ">5.5",
    "scope/name": "1.0.0",
    "guzzlehttp/psr7": "^1.8.5 || ^2.2.1",
    "alibabacloud/tea": "^3.1.23",
    "guzzlehttp/guzzle": "^6.5.6 || ^7.4.3"
  },
  "prefer-stable": true
}